// Jest Snapshot v1, https://jestjs.io/docs/snapshot-testing

exports[`Flashcard matches snapshot 1`] = `
<DocumentFragment>
  <div
    style="display: flex; flex-direction: column; align-items: center;"
  >
    <div
      style="width: 300px; height: 180px; background: rgb(255, 255, 255); border-radius: 12px; box-shadow: 0 2px 8px rgba(0,0,0,0.1); display: flex; align-items: center; justify-content: center; font-size: 2em; cursor: pointer; margin-bottom: 24px; transition: all 0.3s ease; transform: scale(1); border: 2px solid transparent;"
    >
      <div
        style="text-align: center; transition: all 0.3s ease;"
      >
        el gato
      </div>
    </div>
    <div
      style="margin-top: 16px; color: rgb(102, 102, 102); font-size: 14px; text-align: center;"
    >
      Click the card to see the translation
    </div>
  </div>
</DocumentFragment>
`;
